C:/Users/jeremy.vonlanth/switchdrive/00_RaD/5_DIAS/DIAS/STM32Cube_FW_N6/Middlewares/Third_Party/VideoEncoder/source/common/encasiccontroller_v2.c:254:6:EncAsicMemFree_V2	24	static
C:/Users/jeremy.vonlanth/switchdrive/00_RaD/5_DIAS/DIAS/STM32Cube_FW_N6/Middlewares/Third_Party/VideoEncoder/source/common/encasiccontroller_v2.c:99:5:EncAsicMemAlloc_V2	48	static
C:/Users/jeremy.vonlanth/switchdrive/00_RaD/5_DIAS/DIAS/STM32Cube_FW_N6/Middlewares/Third_Party/VideoEncoder/source/common/encasiccontroller_v2.c:301:5:EncAsicCheckStatus_V2	8	static
