C:/Users/jeremy.vonlanth/switchdrive/00_RaD/5_DIAS/DIAS/Lib/Camera_Middleware/sensors/imx335/imx335.c:360:16:IMX335_ReadRegWrap	4	static
C:/Users/jeremy.vonlanth/switchdrive/00_RaD/5_DIAS/DIAS/Lib/Camera_Middleware/sensors/imx335/imx335.c:375:16:IMX335_WriteRegWrap	4	static
C:/Users/jeremy.vonlanth/switchdrive/00_RaD/5_DIAS/DIAS/Lib/Camera_Middleware/sensors/imx335/imx335.c:317:16:IMX335_WriteTable	24	static
C:/Users/jeremy.vonlanth/switchdrive/00_RaD/5_DIAS/DIAS/Lib/Camera_Middleware/sensors/imx335/imx335.c:394:9:IMX335_RegisterBusIO	0	static
C:/Users/jeremy.vonlanth/switchdrive/00_RaD/5_DIAS/DIAS/Lib/Camera_Middleware/sensors/imx335/imx335.c:435:9:IMX335_Init	8	static
C:/Users/jeremy.vonlanth/switchdrive/00_RaD/5_DIAS/DIAS/Lib/Camera_Middleware/sensors/imx335/imx335.c:478:9:IMX335_Start	24	static
C:/Users/jeremy.vonlanth/switchdrive/00_RaD/5_DIAS/DIAS/Lib/Camera_Middleware/sensors/imx335/imx335.c:498:9:IMX335_DeInit	0	static
C:/Users/jeremy.vonlanth/switchdrive/00_RaD/5_DIAS/DIAS/Lib/Camera_Middleware/sensors/imx335/imx335.c:515:9:IMX335_ReadID	24	static
C:/Users/jeremy.vonlanth/switchdrive/00_RaD/5_DIAS/DIAS/Lib/Camera_Middleware/sensors/imx335/imx335.c:543:9:IMX335_GetCapabilities	0	static
C:/Users/jeremy.vonlanth/switchdrive/00_RaD/5_DIAS/DIAS/Lib/Camera_Middleware/sensors/imx335/imx335.c:581:9:IMX335_SetGain	32	static
C:/Users/jeremy.vonlanth/switchdrive/00_RaD/5_DIAS/DIAS/Lib/Camera_Middleware/sensors/imx335/imx335.c:626:9:IMX335_SetExposure	40	static
C:/Users/jeremy.vonlanth/switchdrive/00_RaD/5_DIAS/DIAS/Lib/Camera_Middleware/sensors/imx335/imx335.c:679:9:IMX335_SetFrequency	8	static
C:/Users/jeremy.vonlanth/switchdrive/00_RaD/5_DIAS/DIAS/Lib/Camera_Middleware/sensors/imx335/imx335.c:727:9:IMX335_SetFramerate	8	static
C:/Users/jeremy.vonlanth/switchdrive/00_RaD/5_DIAS/DIAS/Lib/Camera_Middleware/sensors/imx335/imx335.c:780:9:IMX335_MirrorFlipConfig	0	static
C:/Users/jeremy.vonlanth/switchdrive/00_RaD/5_DIAS/DIAS/Lib/Camera_Middleware/sensors/imx335/imx335.c:822:9:IMX335_SetTestPattern	16	static
