../../../STM32Cube_FW_N6/Drivers/STM32N6xx_HAL_Driver/Inc/stm32n6xx_ll_bus.h:1407:22:LL_AHB4_GRP1_EnableClock	8	static
C:/Users/jeremy.vonlanth/switchdrive/00_RaD/5_DIAS/DIAS/STM32Cube_FW_N6/Drivers/BSP/STM32N6570-DK/stm32n6570_discovery_sd.c:279:9:BSP_SD_DeInit	8	static
C:/Users/jeremy.vonlanth/switchdrive/00_RaD/5_DIAS/DIAS/STM32Cube_FW_N6/Drivers/BSP/STM32N6570-DK/stm32n6570_discovery_sd.c:320:26:MX_SDMMC1_SD_Init	8	static
C:/Users/jeremy.vonlanth/switchdrive/00_RaD/5_DIAS/DIAS/STM32Cube_FW_N6/Drivers/BSP/STM32N6570-DK/stm32n6570_discovery_sd.c:413:9:BSP_SD_DetectITConfig	32	static
C:/Users/jeremy.vonlanth/switchdrive/00_RaD/5_DIAS/DIAS/STM32Cube_FW_N6/Drivers/BSP/STM32N6570-DK/stm32n6570_discovery_sd.c:462:13:BSP_SD_DetectCallback	0	static
C:/Users/jeremy.vonlanth/switchdrive/00_RaD/5_DIAS/DIAS/STM32Cube_FW_N6/Drivers/BSP/STM32N6570-DK/stm32n6570_discovery_sd.c:869:13:SD_EXTI_Callback	8	static
C:/Users/jeremy.vonlanth/switchdrive/00_RaD/5_DIAS/DIAS/STM32Cube_FW_N6/Drivers/BSP/STM32N6570-DK/stm32n6570_discovery_sd.c:477:9:BSP_SD_IsDetected	8	static
C:/Users/jeremy.vonlanth/switchdrive/00_RaD/5_DIAS/DIAS/STM32Cube_FW_N6/Drivers/BSP/STM32N6570-DK/stm32n6570_discovery_sd.c:142:9:BSP_SD_Init	72	static
C:/Users/jeremy.vonlanth/switchdrive/00_RaD/5_DIAS/DIAS/STM32Cube_FW_N6/Drivers/BSP/STM32N6570-DK/stm32n6570_discovery_sd.c:509:9:BSP_SD_ReadBlocks	16	static
C:/Users/jeremy.vonlanth/switchdrive/00_RaD/5_DIAS/DIAS/STM32Cube_FW_N6/Drivers/BSP/STM32N6570-DK/stm32n6570_discovery_sd.c:539:9:BSP_SD_WriteBlocks	16	static
C:/Users/jeremy.vonlanth/switchdrive/00_RaD/5_DIAS/DIAS/STM32Cube_FW_N6/Drivers/BSP/STM32N6570-DK/stm32n6570_discovery_sd.c:568:9:BSP_SD_ReadBlocks_DMA	8	static
C:/Users/jeremy.vonlanth/switchdrive/00_RaD/5_DIAS/DIAS/STM32Cube_FW_N6/Drivers/BSP/STM32N6570-DK/stm32n6570_discovery_sd.c:596:9:BSP_SD_WriteBlocks_DMA	8	static
C:/Users/jeremy.vonlanth/switchdrive/00_RaD/5_DIAS/DIAS/STM32Cube_FW_N6/Drivers/BSP/STM32N6570-DK/stm32n6570_discovery_sd.c:624:9:BSP_SD_ReadBlocks_IT	8	static
C:/Users/jeremy.vonlanth/switchdrive/00_RaD/5_DIAS/DIAS/STM32Cube_FW_N6/Drivers/BSP/STM32N6570-DK/stm32n6570_discovery_sd.c:652:9:BSP_SD_WriteBlocks_IT	8	static
C:/Users/jeremy.vonlanth/switchdrive/00_RaD/5_DIAS/DIAS/STM32Cube_FW_N6/Drivers/BSP/STM32N6570-DK/stm32n6570_discovery_sd.c:680:9:BSP_SD_Erase	8	static
C:/Users/jeremy.vonlanth/switchdrive/00_RaD/5_DIAS/DIAS/STM32Cube_FW_N6/Drivers/BSP/STM32N6570-DK/stm32n6570_discovery_sd.c:708:9:BSP_SD_GetCardState	8	static
C:/Users/jeremy.vonlanth/switchdrive/00_RaD/5_DIAS/DIAS/STM32Cube_FW_N6/Drivers/BSP/STM32N6570-DK/stm32n6570_discovery_sd.c:720:9:BSP_SD_GetCardInfo	8	static
C:/Users/jeremy.vonlanth/switchdrive/00_RaD/5_DIAS/DIAS/STM32Cube_FW_N6/Drivers/BSP/STM32N6570-DK/stm32n6570_discovery_sd.c:777:6:BSP_SD_DETECT_IRQHandler	0	static
C:/Users/jeremy.vonlanth/switchdrive/00_RaD/5_DIAS/DIAS/STM32Cube_FW_N6/Drivers/BSP/STM32N6570-DK/stm32n6570_discovery_sd.c:787:6:BSP_SD_IRQHandler	0	static
C:/Users/jeremy.vonlanth/switchdrive/00_RaD/5_DIAS/DIAS/STM32Cube_FW_N6/Drivers/BSP/STM32N6570-DK/stm32n6570_discovery_sd.c:797:13:BSP_SD_AbortCallback	0	static
C:/Users/jeremy.vonlanth/switchdrive/00_RaD/5_DIAS/DIAS/STM32Cube_FW_N6/Drivers/BSP/STM32N6570-DK/stm32n6570_discovery_sd.c:746:6:HAL_SD_AbortCallback	8	static
C:/Users/jeremy.vonlanth/switchdrive/00_RaD/5_DIAS/DIAS/STM32Cube_FW_N6/Drivers/BSP/STM32N6570-DK/stm32n6570_discovery_sd.c:808:13:BSP_SD_WriteCpltCallback	0	static
C:/Users/jeremy.vonlanth/switchdrive/00_RaD/5_DIAS/DIAS/STM32Cube_FW_N6/Drivers/BSP/STM32N6570-DK/stm32n6570_discovery_sd.c:756:6:HAL_SD_TxCpltCallback	8	static
C:/Users/jeremy.vonlanth/switchdrive/00_RaD/5_DIAS/DIAS/STM32Cube_FW_N6/Drivers/BSP/STM32N6570-DK/stm32n6570_discovery_sd.c:819:13:BSP_SD_ReadCpltCallback	0	static
C:/Users/jeremy.vonlanth/switchdrive/00_RaD/5_DIAS/DIAS/STM32Cube_FW_N6/Drivers/BSP/STM32N6570-DK/stm32n6570_discovery_sd.c:766:6:HAL_SD_RxCpltCallback	8	static
