C:/Users/jeremy.vonlanth/switchdrive/00_RaD/5_DIAS/DIAS/STM32Cube_FW_N6/Middlewares/Third_Party/VideoEncoder/source/h264/H264EncApi.c:2763:6:H264AddNaluSize	8	static
C:/Users/jeremy.vonlanth/switchdrive/00_RaD/5_DIAS/DIAS/STM32Cube_FW_N6/Middlewares/Third_Party/VideoEncoder/source/h264/H264EncApi.c:2777:6:H264PrefixNal	16	static
C:/Users/jeremy.vonlanth/switchdrive/00_RaD/5_DIAS/DIAS/STM32Cube_FW_N6/Middlewares/Third_Party/VideoEncoder/source/h264/H264EncApi.c:147:19:H264EncGetApiVersion	0	static
C:/Users/jeremy.vonlanth/switchdrive/00_RaD/5_DIAS/DIAS/STM32Cube_FW_N6/Middlewares/Third_Party/VideoEncoder/source/h264/H264EncApi.c:165:14:H264EncGetBuild	8	static
C:/Users/jeremy.vonlanth/switchdrive/00_RaD/5_DIAS/DIAS/STM32Cube_FW_N6/Middlewares/Third_Party/VideoEncoder/source/h264/H264EncApi.c:185:12:H264EncInit	24	static
C:/Users/jeremy.vonlanth/switchdrive/00_RaD/5_DIAS/DIAS/STM32Cube_FW_N6/Middlewares/Third_Party/VideoEncoder/source/h264/H264EncApi.c:260:12:H264EncRelease	8	static
C:/Users/jeremy.vonlanth/switchdrive/00_RaD/5_DIAS/DIAS/STM32Cube_FW_N6/Middlewares/Third_Party/VideoEncoder/source/h264/H264EncApi.c:299:12:H264EncSetCodingCtrl	24	static
C:/Users/jeremy.vonlanth/switchdrive/00_RaD/5_DIAS/DIAS/STM32Cube_FW_N6/Middlewares/Third_Party/VideoEncoder/source/h264/H264EncApi.c:683:12:H264EncGetCodingCtrl	16	static
C:/Users/jeremy.vonlanth/switchdrive/00_RaD/5_DIAS/DIAS/STM32Cube_FW_N6/Middlewares/Third_Party/VideoEncoder/source/h264/H264EncApi.c:781:12:H264EncSetRateCtrl	32	static
C:/Users/jeremy.vonlanth/switchdrive/00_RaD/5_DIAS/DIAS/STM32Cube_FW_N6/Middlewares/Third_Party/VideoEncoder/source/h264/H264EncApi.c:996:12:H264EncGetRateCtrl	0	static
C:/Users/jeremy.vonlanth/switchdrive/00_RaD/5_DIAS/DIAS/STM32Cube_FW_N6/Middlewares/Third_Party/VideoEncoder/source/h264/H264EncApi.c:1081:12:H264EncSetPreProcessing	224	static
C:/Users/jeremy.vonlanth/switchdrive/00_RaD/5_DIAS/DIAS/STM32Cube_FW_N6/Middlewares/Third_Party/VideoEncoder/source/h264/H264EncApi.c:1293:12:H264EncGetPreProcessing	0	static
C:/Users/jeremy.vonlanth/switchdrive/00_RaD/5_DIAS/DIAS/STM32Cube_FW_N6/Middlewares/Third_Party/VideoEncoder/source/h264/H264EncApi.c:1348:12:H264EncSetRoiMap	32	static
C:/Users/jeremy.vonlanth/switchdrive/00_RaD/5_DIAS/DIAS/STM32Cube_FW_N6/Middlewares/Third_Party/VideoEncoder/source/h264/H264EncApi.c:1399:12:H264EncSetSeiUserData	0	static
C:/Users/jeremy.vonlanth/switchdrive/00_RaD/5_DIAS/DIAS/STM32Cube_FW_N6/Middlewares/Third_Party/VideoEncoder/source/h264/H264EncApi.c:2674:12:H264EncStrmEnd	24	static
C:/Users/jeremy.vonlanth/switchdrive/00_RaD/5_DIAS/DIAS/STM32Cube_FW_N6/Middlewares/Third_Party/VideoEncoder/source/h264/H264EncApi.c:2832:5:H264EncGetBitsPerPixel	0	static
C:/Users/jeremy.vonlanth/switchdrive/00_RaD/5_DIAS/DIAS/STM32Cube_FW_N6/Middlewares/Third_Party/VideoEncoder/source/h264/H264EncApi.c:2869:12:H264EncSetTestId	0	static
C:/Users/jeremy.vonlanth/switchdrive/00_RaD/5_DIAS/DIAS/STM32Cube_FW_N6/Middlewares/Third_Party/VideoEncoder/source/h264/H264EncApi.c:2897:12:H264EncGetMbInfo	8	static
C:/Users/jeremy.vonlanth/switchdrive/00_RaD/5_DIAS/DIAS/STM32Cube_FW_N6/Middlewares/Third_Party/VideoEncoder/source/h264/H264EncApi.c:2925:5:H264EncGetEncodedMbLines	0	static
C:/Users/jeremy.vonlanth/switchdrive/00_RaD/5_DIAS/DIAS/STM32Cube_FW_N6/Middlewares/Third_Party/VideoEncoder/source/h264/H264EncApi.c:2953:12:H264EncSetInputMbLines	8	static
C:/Users/jeremy.vonlanth/switchdrive/00_RaD/5_DIAS/DIAS/STM32Cube_FW_N6/Middlewares/Third_Party/VideoEncoder/source/h264/H264EncApi.c:3064:6:H264AccessUnitDelimiter	16	static
C:/Users/jeremy.vonlanth/switchdrive/00_RaD/5_DIAS/DIAS/STM32Cube_FW_N6/Middlewares/Third_Party/VideoEncoder/source/h264/H264EncApi.c:1447:12:H264EncStrmStart	40	static
C:/Users/jeremy.vonlanth/switchdrive/00_RaD/5_DIAS/DIAS/STM32Cube_FW_N6/Middlewares/Third_Party/VideoEncoder/source/h264/H264EncApi.c:1667:12:H264EncStrmEncode	104	static
