C:/Users/jeremy.vonlanth/switchdrive/00_RaD/5_DIAS/DIAS/STM32Cube_FW_N6/Middlewares/Third_Party/VideoEncoder/source/h264/H264RateControl.c:376:12:InitialQp	304	static
C:/Users/jeremy.vonlanth/switchdrive/00_RaD/5_DIAS/DIAS/STM32Cube_FW_N6/Middlewares/Third_Party/VideoEncoder/source/h264/H264RateControl.c:1015:12:avg_rc_error	16	static
C:/Users/jeremy.vonlanth/switchdrive/00_RaD/5_DIAS/DIAS/STM32Cube_FW_N6/Middlewares/Third_Party/VideoEncoder/source/h264/H264RateControl.c:1127:12:new_pic_quant	72	static
C:/Users/jeremy.vonlanth/switchdrive/00_RaD/5_DIAS/DIAS/STM32Cube_FW_N6/Middlewares/Third_Party/VideoEncoder/source/h264/H264RateControl.c:1208:12:get_avg_bits	24	static
C:/Users/jeremy.vonlanth/switchdrive/00_RaD/5_DIAS/DIAS/STM32Cube_FW_N6/Middlewares/Third_Party/VideoEncoder/source/h264/H264RateControl.c:1234:13:update_tables	12	static
C:/Users/jeremy.vonlanth/switchdrive/00_RaD/5_DIAS/DIAS/STM32Cube_FW_N6/Middlewares/Third_Party/VideoEncoder/source/h264/H264RateControl.c:1254:13:update_model	56	static
C:/Users/jeremy.vonlanth/switchdrive/00_RaD/5_DIAS/DIAS/STM32Cube_FW_N6/Middlewares/Third_Party/VideoEncoder/source/h264/H264RateControl.c:1028:13:update_rc_error	0	static
C:/Users/jeremy.vonlanth/switchdrive/00_RaD/5_DIAS/DIAS/STM32Cube_FW_N6/Middlewares/Third_Party/VideoEncoder/source/h264/H264RateControl.c:260:8:H264InitRc	48	static
C:/Users/jeremy.vonlanth/switchdrive/00_RaD/5_DIAS/DIAS/STM32Cube_FW_N6/Middlewares/Third_Party/VideoEncoder/source/h264/H264RateControl.c:423:5:H264FillerRc	32	static
C:/Users/jeremy.vonlanth/switchdrive/00_RaD/5_DIAS/DIAS/STM32Cube_FW_N6/Middlewares/Third_Party/VideoEncoder/source/h264/H264RateControl.c:522:5:H264AfterPicRc	32	static
C:/Users/jeremy.vonlanth/switchdrive/00_RaD/5_DIAS/DIAS/STM32Cube_FW_N6/Middlewares/Third_Party/VideoEncoder/source/h264/H264RateControl.c:673:6:H264BeforePicRc	48	static
C:/Users/jeremy.vonlanth/switchdrive/00_RaD/5_DIAS/DIAS/STM32Cube_FW_N6/Middlewares/Third_Party/VideoEncoder/source/h264/H264RateControl.c:942:5:H264Calculate	8	static
