C:/Users/jeremy.vonlanth/switchdrive/00_RaD/5_DIAS/DIAS/STM32Cube_FW_N6/Middlewares/Third_Party/VideoEncoder/source/h264/H264SequenceParameterSet.c:108:6:H264SeqParameterSetInit	0	static
C:/Users/jeremy.vonlanth/switchdrive/00_RaD/5_DIAS/DIAS/STM32Cube_FW_N6/Middlewares/Third_Party/VideoEncoder/source/h264/H264SequenceParameterSet.c:149:6:H264SeqParameterSet	32	static
C:/Users/jeremy.vonlanth/switchdrive/00_RaD/5_DIAS/DIAS/STM32Cube_FW_N6/Middlewares/Third_Party/VideoEncoder/source/h264/H264SequenceParameterSet.c:288:6:H264SubsetSeqParameterSet	16	static
C:/Users/jeremy.vonlanth/switchdrive/00_RaD/5_DIAS/DIAS/STM32Cube_FW_N6/Middlewares/Third_Party/VideoEncoder/source/h264/H264SequenceParameterSet.c:634:8:H264CheckLevel	16	static
C:/Users/jeremy.vonlanth/switchdrive/00_RaD/5_DIAS/DIAS/STM32Cube_FW_N6/Middlewares/Third_Party/VideoEncoder/source/h264/H264SequenceParameterSet.c:686:5:H264GetLevelIndex	8	static
C:/Users/jeremy.vonlanth/switchdrive/00_RaD/5_DIAS/DIAS/STM32Cube_FW_N6/Middlewares/Third_Party/VideoEncoder/source/h264/H264SequenceParameterSet.c:719:6:H264SpsSetVuiTimigInfo	0	static
C:/Users/jeremy.vonlanth/switchdrive/00_RaD/5_DIAS/DIAS/STM32Cube_FW_N6/Middlewares/Third_Party/VideoEncoder/source/h264/H264SequenceParameterSet.c:728:6:H264SpsSetVuiVideoInfo	0	static
C:/Users/jeremy.vonlanth/switchdrive/00_RaD/5_DIAS/DIAS/STM32Cube_FW_N6/Middlewares/Third_Party/VideoEncoder/source/h264/H264SequenceParameterSet.c:736:6:H264SpsSetVuiAspectRatio	0	static
C:/Users/jeremy.vonlanth/switchdrive/00_RaD/5_DIAS/DIAS/STM32Cube_FW_N6/Middlewares/Third_Party/VideoEncoder/source/h264/H264SequenceParameterSet.c:764:6:H264SpsSetVuiHrd	8	static
C:/Users/jeremy.vonlanth/switchdrive/00_RaD/5_DIAS/DIAS/STM32Cube_FW_N6/Middlewares/Third_Party/VideoEncoder/source/h264/H264SequenceParameterSet.c:811:6:H264SpsSetVuiHrdBitRate	0	static
C:/Users/jeremy.vonlanth/switchdrive/00_RaD/5_DIAS/DIAS/STM32Cube_FW_N6/Middlewares/Third_Party/VideoEncoder/source/h264/H264SequenceParameterSet.c:818:6:H264SpsSetVuiHrdCpbSize	0	static
C:/Users/jeremy.vonlanth/switchdrive/00_RaD/5_DIAS/DIAS/STM32Cube_FW_N6/Middlewares/Third_Party/VideoEncoder/source/h264/H264SequenceParameterSet.c:825:5:H264SpsGetVuiHrdBitRate	0	static
C:/Users/jeremy.vonlanth/switchdrive/00_RaD/5_DIAS/DIAS/STM32Cube_FW_N6/Middlewares/Third_Party/VideoEncoder/source/h264/H264SequenceParameterSet.c:832:5:H264SpsGetVuiHrdCpbSize	0	static
C:/Users/jeremy.vonlanth/switchdrive/00_RaD/5_DIAS/DIAS/STM32Cube_FW_N6/Middlewares/Third_Party/VideoEncoder/source/h264/H264SequenceParameterSet.c:846:6:H264EndOfSequence	0	static
C:/Users/jeremy.vonlanth/switchdrive/00_RaD/5_DIAS/DIAS/STM32Cube_FW_N6/Middlewares/Third_Party/VideoEncoder/source/h264/H264SequenceParameterSet.c:858:6:H264EndOfStream	0	static
C:/Users/jeremy.vonlanth/switchdrive/00_RaD/5_DIAS/DIAS/STM32Cube_FW_N6/Middlewares/Third_Party/VideoEncoder/source/h264/H264SequenceParameterSet.c:870:6:H264SpsSetVuiPictStructPresentFlag	0	static
