C:/Users/jeremy.vonlanth/switchdrive/00_RaD/5_DIAS/DIAS/STM32Cube_FW_N6/Middlewares/Third_Party/VideoEncoder/source/h264/H264PutBits.c:80:6:H264PutBits	16	static
C:/Users/jeremy.vonlanth/switchdrive/00_RaD/5_DIAS/DIAS/STM32Cube_FW_N6/Middlewares/Third_Party/VideoEncoder/source/h264/H264PutBits.c:134:6:H264PutNalBits	24	static
C:/Users/jeremy.vonlanth/switchdrive/00_RaD/5_DIAS/DIAS/STM32Cube_FW_N6/Middlewares/Third_Party/VideoEncoder/source/h264/H264PutBits.c:196:8:H264SetBuffer	0	static
C:/Users/jeremy.vonlanth/switchdrive/00_RaD/5_DIAS/DIAS/STM32Cube_FW_N6/Middlewares/Third_Party/VideoEncoder/source/h264/H264PutBits.c:244:6:H264ExpGolombUnsigned	24	static
C:/Users/jeremy.vonlanth/switchdrive/00_RaD/5_DIAS/DIAS/STM32Cube_FW_N6/Middlewares/Third_Party/VideoEncoder/source/h264/H264PutBits.c:286:6:H264ExpGolombSigned	0	static
C:/Users/jeremy.vonlanth/switchdrive/00_RaD/5_DIAS/DIAS/STM32Cube_FW_N6/Middlewares/Third_Party/VideoEncoder/source/h264/H264PutBits.c:308:6:H264RbspTrailingBits	8	static
