C:/Users/jeremy.vonlanth/switchdrive/00_RaD/5_DIAS/DIAS/Src/app.c:288:13:camera_warmup	40	static
C:/Users/jeremy.vonlanth/switchdrive/00_RaD/5_DIAS/DIAS/Src/app.c:373:12:capture_yuv	24	static,ignoring_inline_asm
C:/Users/jeremy.vonlanth/switchdrive/00_RaD/5_DIAS/DIAS/Src/app.c:197:14:axisram_alloc	16	static
C:/Users/jeremy.vonlanth/switchdrive/00_RaD/5_DIAS/DIAS/Src/app.c:411:13:dcmipp_apply_detect_config	32	static
C:/Users/jeremy.vonlanth/switchdrive/00_RaD/5_DIAS/DIAS/Src/app.c:517:13:record_jpeg_sd	24	static,ignoring_inline_asm
C:/Users/jeremy.vonlanth/switchdrive/00_RaD/5_DIAS/DIAS/Src/app.c:224:13:send_jpeg_uart.constprop	32	static
C:/Users/jeremy.vonlanth/switchdrive/00_RaD/5_DIAS/DIAS/Src/app.c:571:13:record_h264_sd	96	static,ignoring_inline_asm
C:/Users/jeremy.vonlanth/switchdrive/00_RaD/5_DIAS/DIAS/Src/app.c:186:5:__io_putchar	16	static
C:/Users/jeremy.vonlanth/switchdrive/00_RaD/5_DIAS/DIAS/Src/app.c:772:5:CMW_CAMERA_PIPE_FrameEventCallback	0	static
C:/Users/jeremy.vonlanth/switchdrive/00_RaD/5_DIAS/DIAS/Src/app.c:790:5:CMW_CAMERA_PIPE_VsyncEventCallback	8	static
C:/Users/jeremy.vonlanth/switchdrive/00_RaD/5_DIAS/DIAS/Src/app.c:798:6:BSP_PB_Callback	4	static
C:/Users/jeremy.vonlanth/switchdrive/00_RaD/5_DIAS/DIAS/Src/app.c:816:9:check_SD	8	static
C:/Users/jeremy.vonlanth/switchdrive/00_RaD/5_DIAS/DIAS/Src/app.c:834:6:app_mode_config_run	64	static
C:/Users/jeremy.vonlanth/switchdrive/00_RaD/5_DIAS/DIAS/Src/app.c:874:6:app_mode_detect_run	48	static,ignoring_inline_asm
C:/Users/jeremy.vonlanth/switchdrive/00_RaD/5_DIAS/DIAS/Src/app.c:911:6:app_run	64	static
