C:/Users/jeremy.vonlanth/switchdrive/00_RaD/5_DIAS/DIAS/Src/app_enc.c:195:6:ENC_Init	392	static
C:/Users/jeremy.vonlanth/switchdrive/00_RaD/5_DIAS/DIAS/Src/app_enc.c:260:6:ENC_DeInit	8	static
C:/Users/jeremy.vonlanth/switchdrive/00_RaD/5_DIAS/DIAS/Src/app_enc.c:271:6:ENC_ResetAllocator	0	static
C:/Users/jeremy.vonlanth/switchdrive/00_RaD/5_DIAS/DIAS/Src/app_enc.c:286:5:ENC_EndSession	104	static
C:/Users/jeremy.vonlanth/switchdrive/00_RaD/5_DIAS/DIAS/Src/app_enc.c:311:6:ENC_ResetSession	0	static
C:/Users/jeremy.vonlanth/switchdrive/00_RaD/5_DIAS/DIAS/Src/app_enc.c:316:5:ENC_EncodeFrame	136	static
C:/Users/jeremy.vonlanth/switchdrive/00_RaD/5_DIAS/DIAS/Src/app_enc.c:339:7:EWLmalloc	8	static
C:/Users/jeremy.vonlanth/switchdrive/00_RaD/5_DIAS/DIAS/Src/app_enc.c:348:6:EWLfree	0	static
C:/Users/jeremy.vonlanth/switchdrive/00_RaD/5_DIAS/DIAS/Src/app_enc.c:353:7:EWLcalloc	16	static
C:/Users/jeremy.vonlanth/switchdrive/00_RaD/5_DIAS/DIAS/Src/app_enc.c:362:5:EWLMallocLinear	12	static
