C:/Users/jeremy.vonlanth/switchdrive/00_RaD/5_DIAS/DIAS/Src/app_enc.c:195:6:ENC_Init	392	static
C:/Users/jeremy.vonlanth/switchdrive/00_RaD/5_DIAS/DIAS/Src/app_enc.c:256:6:ENC_DeInit	8	static
C:/Users/jeremy.vonlanth/switchdrive/00_RaD/5_DIAS/DIAS/Src/app_enc.c:267:6:ENC_ResetAllocator	0	static
C:/Users/jeremy.vonlanth/switchdrive/00_RaD/5_DIAS/DIAS/Src/app_enc.c:282:5:ENC_EndSession	104	static
C:/Users/jeremy.vonlanth/switchdrive/00_RaD/5_DIAS/DIAS/Src/app_enc.c:307:6:ENC_ResetSession	0	static
C:/Users/jeremy.vonlanth/switchdrive/00_RaD/5_DIAS/DIAS/Src/app_enc.c:312:5:ENC_EncodeFrame	136	static
C:/Users/jeremy.vonlanth/switchdrive/00_RaD/5_DIAS/DIAS/Src/app_enc.c:335:7:EWLmalloc	8	static
C:/Users/jeremy.vonlanth/switchdrive/00_RaD/5_DIAS/DIAS/Src/app_enc.c:344:6:EWLfree	0	static
C:/Users/jeremy.vonlanth/switchdrive/00_RaD/5_DIAS/DIAS/Src/app_enc.c:349:7:EWLcalloc	16	static
C:/Users/jeremy.vonlanth/switchdrive/00_RaD/5_DIAS/DIAS/Src/app_enc.c:358:5:EWLMallocLinear	12	static
