C:/Users/jeremy.vonlanth/switchdrive/00_RaD/5_DIAS/DIAS/Src/app_cam.c:130:13:DCMIPP_PipeInitCapture	104	static
C:/Users/jeremy.vonlanth/switchdrive/00_RaD/5_DIAS/DIAS/Src/app_cam.c:172:6:CAM_Pipe1_SetFormat	40	static
C:/Users/jeremy.vonlanth/switchdrive/00_RaD/5_DIAS/DIAS/Src/app_cam.c:188:6:CAM_Init	40	static
C:/Users/jeremy.vonlanth/switchdrive/00_RaD/5_DIAS/DIAS/Src/app_cam.c:213:6:CAM_CapturePipe_Start	16	static
C:/Users/jeremy.vonlanth/switchdrive/00_RaD/5_DIAS/DIAS/Src/app_cam.c:228:6:CAM_IspUpdate	8	static
C:/Users/jeremy.vonlanth/switchdrive/00_RaD/5_DIAS/DIAS/Src/app_cam.c:236:6:CAM_Deinit	8	static
C:/Users/jeremy.vonlanth/switchdrive/00_RaD/5_DIAS/DIAS/Src/app_cam.c:248:6:CMW_CAMERA_PIPE_ErrorCallback	0	static
