C:/Users/jeremy.vonlanth/OneDrive - HESSO/Documents/iAi/00_RaD/5_DIAS/DIAS/Src/app_enc.c:200:6:ENC_Init	392	static
C:/Users/jeremy.vonlanth/OneDrive - HESSO/Documents/iAi/00_RaD/5_DIAS/DIAS/Src/app_enc.c:265:6:ENC_DeInit	8	static
C:/Users/jeremy.vonlanth/OneDrive - HESSO/Documents/iAi/00_RaD/5_DIAS/DIAS/Src/app_enc.c:276:6:ENC_ResetAllocator	0	static
C:/Users/jeremy.vonlanth/OneDrive - HESSO/Documents/iAi/00_RaD/5_DIAS/DIAS/Src/app_enc.c:291:5:ENC_EndSession	104	static
C:/Users/jeremy.vonlanth/OneDrive - HESSO/Documents/iAi/00_RaD/5_DIAS/DIAS/Src/app_enc.c:316:6:ENC_ResetSession	0	static
C:/Users/jeremy.vonlanth/OneDrive - HESSO/Documents/iAi/00_RaD/5_DIAS/DIAS/Src/app_enc.c:321:5:ENC_EncodeFrame	136	static
C:/Users/jeremy.vonlanth/OneDrive - HESSO/Documents/iAi/00_RaD/5_DIAS/DIAS/Src/app_enc.c:344:7:EWLmalloc	8	static
C:/Users/jeremy.vonlanth/OneDrive - HESSO/Documents/iAi/00_RaD/5_DIAS/DIAS/Src/app_enc.c:353:6:EWLfree	0	static
C:/Users/jeremy.vonlanth/OneDrive - HESSO/Documents/iAi/00_RaD/5_DIAS/DIAS/Src/app_enc.c:358:7:EWLcalloc	16	static
C:/Users/jeremy.vonlanth/OneDrive - HESSO/Documents/iAi/00_RaD/5_DIAS/DIAS/Src/app_enc.c:367:5:EWLMallocLinear	12	static
