C:/Users/jeremy.vonlanth/switchdrive/00_RaD/5_DIAS/DIAS/STM32Cube_FW_N6/Middlewares/ST/VideoEncoder_EWL/ewl_impl.c:62:5:EWLReadAsicID	0	static
C:/Users/jeremy.vonlanth/switchdrive/00_RaD/5_DIAS/DIAS/STM32Cube_FW_N6/Middlewares/ST/VideoEncoder_EWL/ewl_impl.c:71:15:EWLReadAsicConfig	8	static
C:/Users/jeremy.vonlanth/switchdrive/00_RaD/5_DIAS/DIAS/STM32Cube_FW_N6/Middlewares/ST/VideoEncoder_EWL/ewl_impl.c:150:13:EWLInit	16	static
C:/Users/jeremy.vonlanth/switchdrive/00_RaD/5_DIAS/DIAS/STM32Cube_FW_N6/Middlewares/ST/VideoEncoder_EWL/ewl_impl.c:274:6:EWLWriteReg	0	static
C:/Users/jeremy.vonlanth/switchdrive/00_RaD/5_DIAS/DIAS/STM32Cube_FW_N6/Middlewares/ST/VideoEncoder_EWL/ewl_impl.c:288:6:EWLEnableHW	0	static
C:/Users/jeremy.vonlanth/switchdrive/00_RaD/5_DIAS/DIAS/STM32Cube_FW_N6/Middlewares/ST/VideoEncoder_EWL/ewl_impl.c:302:6:EWLDisableHW	0	static
C:/Users/jeremy.vonlanth/switchdrive/00_RaD/5_DIAS/DIAS/STM32Cube_FW_N6/Middlewares/ST/VideoEncoder_EWL/ewl_impl.c:318:5:EWLReadReg	0	static
C:/Users/jeremy.vonlanth/switchdrive/00_RaD/5_DIAS/DIAS/STM32Cube_FW_N6/Middlewares/ST/VideoEncoder_EWL/ewl_impl.c:356:12:EWLMallocLinear	0	static
C:/Users/jeremy.vonlanth/switchdrive/00_RaD/5_DIAS/DIAS/STM32Cube_FW_N6/Middlewares/ST/VideoEncoder_EWL/ewl_impl.c:332:12:EWLMallocRefFrm	8	static
C:/Users/jeremy.vonlanth/switchdrive/00_RaD/5_DIAS/DIAS/STM32Cube_FW_N6/Middlewares/ST/VideoEncoder_EWL/ewl_impl.c:431:13:EWLFreeLinear	0	static
C:/Users/jeremy.vonlanth/switchdrive/00_RaD/5_DIAS/DIAS/STM32Cube_FW_N6/Middlewares/ST/VideoEncoder_EWL/ewl_impl.c:343:13:EWLFreeRefFrm	8	static
C:/Users/jeremy.vonlanth/switchdrive/00_RaD/5_DIAS/DIAS/STM32Cube_FW_N6/Middlewares/ST/VideoEncoder_EWL/ewl_impl.c:474:5:EWLReserveHw	8	static
C:/Users/jeremy.vonlanth/switchdrive/00_RaD/5_DIAS/DIAS/STM32Cube_FW_N6/Middlewares/ST/VideoEncoder_EWL/ewl_impl.c:486:6:EWLReleaseHw	0	static
C:/Users/jeremy.vonlanth/switchdrive/00_RaD/5_DIAS/DIAS/STM32Cube_FW_N6/Middlewares/ST/VideoEncoder_EWL/ewl_impl.c:497:14:EWLmalloc	0	static
C:/Users/jeremy.vonlanth/switchdrive/00_RaD/5_DIAS/DIAS/STM32Cube_FW_N6/Middlewares/ST/VideoEncoder_EWL/ewl_impl.c:531:13:EWLfree	0	static
C:/Users/jeremy.vonlanth/switchdrive/00_RaD/5_DIAS/DIAS/STM32Cube_FW_N6/Middlewares/ST/VideoEncoder_EWL/ewl_impl.c:571:8:EWLmemcpy	0	static
C:/Users/jeremy.vonlanth/switchdrive/00_RaD/5_DIAS/DIAS/STM32Cube_FW_N6/Middlewares/ST/VideoEncoder_EWL/ewl_impl.c:583:7:EWLmemset	0	static
C:/Users/jeremy.vonlanth/switchdrive/00_RaD/5_DIAS/DIAS/STM32Cube_FW_N6/Middlewares/ST/VideoEncoder_EWL/ewl_impl.c:557:14:EWLcalloc	16	static
C:/Users/jeremy.vonlanth/switchdrive/00_RaD/5_DIAS/DIAS/STM32Cube_FW_N6/Middlewares/ST/VideoEncoder_EWL/ewl_impl.c:595:5:EWLmemcmp	0	static
C:/Users/jeremy.vonlanth/switchdrive/00_RaD/5_DIAS/DIAS/STM32Cube_FW_N6/Middlewares/ST/VideoEncoder_EWL/ewl_impl.c:607:12:EWLWaitHwRdy	16	static
C:/Users/jeremy.vonlanth/switchdrive/00_RaD/5_DIAS/DIAS/STM32Cube_FW_N6/Middlewares/ST/VideoEncoder_EWL/ewl_impl.c:713:13:EWLPoolChoiceCb	8	static
C:/Users/jeremy.vonlanth/switchdrive/00_RaD/5_DIAS/DIAS/STM32Cube_FW_N6/Middlewares/ST/VideoEncoder_EWL/ewl_impl.c:719:13:EWLPoolReleaseCb	0	static
C:/Users/jeremy.vonlanth/switchdrive/00_RaD/5_DIAS/DIAS/STM32Cube_FW_N6/Middlewares/ST/VideoEncoder_EWL/ewl_impl.c:231:5:EWLRelease	16	static
C:/Users/jeremy.vonlanth/switchdrive/00_RaD/5_DIAS/DIAS/STM32Cube_FW_N6/Middlewares/ST/VideoEncoder_EWL/ewl_impl.c:725:6:VENC_IRQHandler	16	static
